[instafollowers.pro/index.html]
[backblue.gif]
[fade.gif]
[index.html]
[instafollowers.pro/assets/img/insta-followers.png]
[instafollowers.pro/assets/vendor/bootstrap/css/bootstrap.min.css]
[instafollowers.pro/assets/vendor/bootstrap-icons/bootstrap-icons.css]
[instafollowers.pro/assets/vendor/boxicons/css/boxicons.min.css]
[instafollowers.pro/assets/vendor/swiper/swiper-bundle.min.css]
[code.iconify.design/2/2.1.2/iconify.min.js]
[instafollowers.pro/assets/css/style.css]
[instafollowers.pro/assets/img/Insta Followers - Free Instagram Followers.png]
[instafollowers.pro/assets/img/instagram-logo.png]
[instafollowers.pro/terms-of-use.html]
[instafollowers.pro/free-followers/index.html]
[instafollowers.pro/privacy-policy.html]
[instafollowers.pro/index.html]
[instafollowers.pro/assets/vendor/bootstrap/css/bootstrap.min.css]
[instafollowers.pro/assets/js/main.js]
[instafollowers.pro/assets/vendor/bootstrap-icons/fonts/bootstrap-icons63f3.woff2]
[instafollowers.pro/assets/vendor/bootstrap-icons/fonts/bootstrap-icons63f3.woff]
[instafollowers.pro/assets/vendor/bootstrap-icons/bootstrap-icons.css]
[instafollowers.pro/assets/vendor/boxicons/fonts/boxicons.eot]
[instafollowers.pro/assets/vendor/boxicons/fonts/boxicons.woff2]
[instafollowers.pro/assets/vendor/boxicons/fonts/boxicons.woff]
[instafollowers.pro/assets/vendor/boxicons/fonts/boxicons.ttf]
[instafollowers.pro/assets/vendor/boxicons/css/boxicons.min.css]
[instafollowers.pro/assets/vendor/swiper/swiper-bundle.min.css]
[instafollowers.pro/assets/vendor/boxicons/fonts/boxiconsd41d.svg]
[instafollowers.pro/assets/img/free-instagram-followers-cover.png]
[instafollowers.pro/assets/css/style.css]
[instafollowers.pro/free-followers/img/favicon.ico]
[cdnjs.cloudflare.com/ajax/libs/simple-line-icons/2.4.1/css/simple-line-icons.css]
[maxcdn.bootstrapcdn.com/font-awesome/4.6.3/css/font-awesome.min.css]
[instafollowers.pro/free-followers/css/bootstrap.min.css]
[instafollowers.pro/free-followers/css/bootstrap-grid.min.css]
[instafollowers.pro/free-followers/css/animate.css]
[instafollowers.pro/free-followers/css/magnific-popup.css]
[instafollowers.pro/free-followers/css/sweet-alert.css]
[instafollowers.pro/free-followers/css/style.css]
[instafollowers.pro/free-followers/video/bgvideo.mp4]
[instafollowers.pro/free-followers/img/logo.png]
[instafollowers.pro/free-followers/img/username-icon.png]
[instafollowers.pro/free-followers/video/tutorial.mp4]
[ajax.googleapis.com/ajax/libs/jquery/1.12.4/jquery.min.js]
[instafollowers.pro/free-followers/js/jquery.magnific-popup.min.js]
[instafollowers.pro/free-followers/js/validator.min.js]
[instafollowers.pro/free-followers/js/sticky.js]
[instafollowers.pro/free-followers/js/form-scripts.js]
[instafollowers.pro/free-followers/js/jquery.countTo.js]
[instafollowers.pro/free-followers/js/main.js]
[instafollowers.pro/free-followers/index.html]
[instafollowers.pro/s_includeb039.html]
[instafollowers.pro/assets/img/OnlyFans-Unlock-Premium-32x32.png]
[instafollowers.pro/terms-of-use.html]
[instafollowers.pro/privacy-policy.html]
[instafollowers.pro/assets/vendor/boxicons/fonts/boxiconsd41d.svg]
[instafollowers.pro/free-followers/img/favicon.html]
[cdnjs.cloudflare.com/ajax/libs/simple-line-icons/2.4.1/css/simple-line-icons.css]
[maxcdn.bootstrapcdn.com/font-awesome/4.6.3/css/font-awesome.min.css]
[instafollowers.pro/free-followers/css/bootstrap.min.css]
[instafollowers.pro/free-followers/css/bootstrap-grid.min.css]
[instafollowers.pro/free-followers/css/animate.css]
[instafollowers.pro/free-followers/css/magnific-popup.css]
[instafollowers.pro/free-followers/css/sweet-alert.css]
[instafollowers.pro/assets/vendor/glightbox/css/glightbox.min.css]
[instafollowers.pro/free-followers/fonts/ScriptBlack.eot]
[instafollowers.pro/free-followers/fonts/ScriptBlackd41d.eot]
[instafollowers.pro/free-followers/fonts/ScriptBlack.woff2]
[instafollowers.pro/free-followers/fonts/ScriptBlack.woff]
[instafollowers.pro/free-followers/fonts/ScriptBlack.ttf]
[instafollowers.pro/free-followers/img/phone-mockup.png]
[instafollowers.pro/free-followers/css/style.css]
[instafollowers.pro/__;.31.delayed]
[instafollowers.pro/s_includeb039.html]
[instafollowers.pro/assets/img/OnlyFans-Unlock-Premium-32x32.html]
[instafollowers.pro/assets/vendor/glightbox/css/glightbox.min.css]
[instafollowers.pro/__;.html]
